# 78 games: ['heal', 'safe', 'egmin'] x 13 opponents x 2 sides x 1
[   1/78] heal       vs jkt_cover   A0 W elimination@6475 cap=+0.45 K/L=62/4 minbank=500000 fb=0
[   2/78] heal       vs jkt_cover   B0 W elimination@6493 cap=+0.46 K/L=62/4 minbank=500000 fb=0
[   3/78] heal       vs jkt         A0 W elimination@6583 cap=+0.46 K/L=62/4 minbank=500000 fb=0
[   4/78] heal       vs jkt         B0 W elimination@6543 cap=+0.49 K/L=62/2 minbank=500000 fb=0
[   5/78] heal       vs gang7       A0 W elimination@6000 cap=+0.39 K/L=57/5 minbank=500000 fb=0
[   6/78] heal       vs gang7       B0 W elimination@6000 cap=+0.36 K/L=59/11 minbank=500000 fb=0
[   7/78] heal       vs v12         A0 L elimination@7983 cap=-0.42 K/L=37/70 minbank=500000 fb=0
[   8/78] heal       vs gangx       B0 W payload@7694 cap=+1.00 K/L=62/5 minbank=500000 fb=0
[   9/78] heal       vs v12         B0 L elimination@7302 cap=-0.47 K/L=7/74 minbank=500000 fb=0
[  10/78] heal       vs gangx       A0 W payload_progress@9000 cap=+0.53 K/L=60/3 minbank=500000 fb=0
[  11/78] heal       vs v7          A0 W elimination@7553 cap=+0.36 K/L=65/2 minbank=500000 fb=0
[  12/78] heal       vs v7          B0 W elimination@8028 cap=+0.71 K/L=69/4 minbank=500000 fb=0
[  13/78] heal       vs clanker     A0 W elimination@6946 cap=+0.44 K/L=62/3 minbank=500000 fb=0
[  14/78] heal       vs clanker     B0 W elimination@6471 cap=+0.48 K/L=62/2 minbank=500000 fb=0
[  15/78] heal       vs dibsfa8     A0 W elimination@6672 cap=+0.47 K/L=84/2 minbank=500000 fb=0
[  16/78] heal       vs noey        A0 W payload_progress@9000 cap=+0.35 K/L=54/0 minbank=500000 fb=0
[  17/78] heal       vs st24        A0 W payload_progress@9000 cap=+0.24 K/L=43/23 minbank=500000 fb=0
[  18/78] heal       vs noey        B0 W payload_progress@9000 cap=+0.34 K/L=40/0 minbank=500000 fb=0
[  19/78] heal       vs st24        B0 W payload_progress@9000 cap=+0.38 K/L=81/17 minbank=500000 fb=0
[  20/78] heal       vs dibsfa8     B0 W payload_progress@9000 cap=+0.34 K/L=75/1 minbank=500000 fb=0
[  21/78] heal       vs dibsfa_turtle A0 W payload_progress@9000 cap=+0.40 K/L=42/61 minbank=500000 fb=0
[  22/78] heal       vs dibsfa_turtle B0 W payload_progress@9000 cap=+0.57 K/L=29/52 minbank=500000 fb=0
[  23/78] safe       vs v12         A0 W elimination@7153 cap=+0.39 K/L=78/11 minbank=500000 fb=0
[  24/78] safe       vs v12         B0 L elimination@7405 cap=-0.44 K/L=11/78 minbank=500000 fb=0
[  25/78] heal       vs g3_heal45   B0 W payload_progress@9000 cap=+0.37 K/L=63/1 minbank=500000 fb=0
[  26/78] heal       vs g3_heal45   A0 W payload_progress@9000 cap=+0.33 K/L=48/1 minbank=500000 fb=0
[  27/78] heal       vs stacker     A0 W elimination@7369 cap=+0.14 K/L=63/0 minbank=500000 fb=0
[  28/78] safe       vs jkt         B0 W elimination@6509 cap=+0.45 K/L=62/1 minbank=500000 fb=0
[  29/78] safe       vs jkt         A0 W elimination@6934 cap=+0.37 K/L=62/15 minbank=500000 fb=0
[  30/78] safe       vs v7          B0 W elimination@7734 cap=+0.44 K/L=78/6 minbank=500000 fb=0
[  31/78] safe       vs v7          A0 W payload_progress@9000 cap=+0.33 K/L=70/2 minbank=500000 fb=0
[  32/78] safe       vs jkt_cover   A0 W elimination@6474 cap=+0.45 K/L=62/2 minbank=500000 fb=0
[  33/78] heal       vs stacker     B0 W elimination@7624 cap=+0.13 K/L=39/1 minbank=499846 fb=0
[  34/78] safe       vs jkt_cover   B0 W elimination@6490 cap=+0.47 K/L=62/4 minbank=500000 fb=0
[  35/78] safe       vs gang7       A0 W elimination@6000 cap=+0.41 K/L=57/6 minbank=500000 fb=0
[  36/78] safe       vs gang7       B0 W elimination@6525 cap=+0.51 K/L=63/7 minbank=500000 fb=0
[  37/78] safe       vs gangx       A0 W payload_progress@9000 cap=+0.40 K/L=59/4 minbank=500000 fb=0
[  38/78] safe       vs clanker     A0 W elimination@6625 cap=+0.45 K/L=62/3 minbank=500000 fb=0
[  39/78] safe       vs gangx       B0 W payload_progress@9000 cap=+0.31 K/L=60/5 minbank=500000 fb=0
[  40/78] safe       vs noey        A0 W payload_progress@9000 cap=+0.35 K/L=54/0 minbank=500000 fb=0
[  41/78] safe       vs clanker     B0 W payload_progress@9000 cap=+0.34 K/L=57/3 minbank=500000 fb=0
[  42/78] safe       vs st24        B0 W payload_progress@9000 cap=+0.38 K/L=82/9 minbank=500000 fb=0
[  43/78] safe       vs st24        A0 W payload_progress@9000 cap=+0.23 K/L=46/34 minbank=500000 fb=0
[  44/78] safe       vs noey        B0 W payload_progress@9000 cap=+0.36 K/L=31/3 minbank=500000 fb=0
[  45/78] safe       vs dibsfa8     B0 W payload_progress@9000 cap=+0.46 K/L=74/0 minbank=500000 fb=0
[  46/78] safe       vs dibsfa8     A0 W payload_progress@9000 cap=+0.45 K/L=74/0 minbank=500000 fb=0
[  47/78] safe       vs dibsfa_turtle A0 W payload_progress@9000 cap=+0.46 K/L=50/59 minbank=500000 fb=0
[  48/78] safe       vs dibsfa_turtle B0 L elimination@8516 cap=+0.38 K/L=30/60 minbank=500000 fb=0
[  49/78] safe       vs g3_heal45   A0 W payload_progress@9000 cap=+0.45 K/L=71/0 minbank=500000 fb=0
[  50/78] egmin      vs v7          A0 W elimination@6827 cap=+0.55 K/L=78/8 minbank=500000 fb=0
[  51/78] safe       vs g3_heal45   B0 W payload_progress@9000 cap=+0.33 K/L=70/0 minbank=500000 fb=0
[  52/78] egmin      vs v12         A0 W elimination@7463 cap=+0.44 K/L=78/9 minbank=500000 fb=0
[  53/78] egmin      vs v12         B0 L elimination@8205 cap=-0.75 K/L=10/78 minbank=500000 fb=0
[  54/78] egmin      vs v7          B0 W elimination@7528 cap=+0.44 K/L=78/6 minbank=500000 fb=0
[  55/78] egmin      vs jkt         B0 W elimination@6511 cap=+0.45 K/L=62/1 minbank=500000 fb=0
[  56/78] safe       vs stacker     A0 W elimination@7138 cap=+0.15 K/L=63/0 minbank=500000 fb=0
[  57/78] egmin      vs jkt_cover   A0 W elimination@6476 cap=+0.45 K/L=62/2 minbank=500000 fb=0
[  58/78] egmin      vs jkt_cover   B0 W elimination@6487 cap=+0.46 K/L=62/4 minbank=500000 fb=0
[  59/78] egmin      vs jkt         A0 W payload_progress@9000 cap=+0.12 K/L=61/14 minbank=500000 fb=0
[  60/78] egmin      vs gang7       A0 W elimination@6000 cap=+0.41 K/L=57/6 minbank=500000 fb=0
[  61/78] egmin      vs gang7       B0 W elimination@6241 cap=+0.38 K/L=63/7 minbank=500000 fb=0
[  62/78] safe       vs stacker     B0 W elimination@7624 cap=+0.13 K/L=39/1 minbank=499994 fb=0
[  63/78] egmin      vs gangx       A0 W payload_progress@9000 cap=+0.37 K/L=60/4 minbank=500000 fb=0
[  64/78] egmin      vs gangx       B0 W payload_progress@9000 cap=+0.27 K/L=60/5 minbank=500000 fb=0
[  65/78] egmin      vs clanker     B0 W elimination@6682 cap=+0.47 K/L=62/3 minbank=500000 fb=0
[  66/78] egmin      vs clanker     A0 W elimination@6625 cap=+0.45 K/L=62/3 minbank=500000 fb=0
[  67/78] egmin      vs noey        A0 W payload_progress@9000 cap=+0.36 K/L=53/0 minbank=500000 fb=0
[  68/78] egmin      vs st24        B0 W payload_progress@9000 cap=+0.29 K/L=77/9 minbank=500000 fb=0
[  69/78] egmin      vs noey        B0 W payload_progress@9000 cap=+0.33 K/L=35/3 minbank=500000 fb=0
[  70/78] egmin      vs st24        A0 W payload_progress@9000 cap=+0.23 K/L=49/25 minbank=500000 fb=0
[  71/78] egmin      vs dibsfa8     A0 W payload_progress@9000 cap=+0.33 K/L=72/0 minbank=500000 fb=0
[  72/78] egmin      vs dibsfa8     B0 W payload_progress@9000 cap=+0.33 K/L=72/0 minbank=500000 fb=0
[  73/78] egmin      vs dibsfa_turtle A0 W payload_progress@9000 cap=+0.48 K/L=57/42 minbank=500000 fb=0
[  74/78] egmin      vs dibsfa_turtle B0 W payload_progress@9000 cap=+0.52 K/L=35/49 minbank=500000 fb=0
[  75/78] egmin      vs g3_heal45   A0 W payload_progress@9000 cap=+0.33 K/L=70/0 minbank=500000 fb=0
[  76/78] egmin      vs g3_heal45   B0 W payload_progress@9000 cap=+0.33 K/L=58/2 minbank=500000 fb=0
[  77/78] egmin      vs stacker     A0 W elimination@7383 cap=+0.14 K/L=63/0 minbank=499788 fb=0
[  78/78] egmin      vs stacker     B0 W elimination@7465 cap=+0.14 K/L=39/2 minbank=482292 fb=0

(78 games, 383s) results: tools/arena/results/step3_flags.jsonl
candidate      W   D   L  @9000 avg tick       K/L  shots  hit%  minbank fallback
heal          24   0   2     10     7759 1449/352    9666   88%   499846        0
   not won: v12:A0(elimination@7983) v12:B0(elimination@7302)
safe          24   0   2     13     8005 1527/313    9661   87%   499994        0
   not won: dibsfa_turtle:B0(elimination@8516) v12:B0(elimination@7405)
egmin         25   0   1     13     7957 1535/282    9568   86%   482292        0
   not won: v12:B0(elimination@8205)
heal vs baseline push3: newly lost ['v12:A0']; newly won -
safe vs baseline push3: newly lost ['dibsfa_turtle:B0']; newly won -
egmin vs baseline push3: newly lost -; newly won -
